牃慥楴杮琠獥⁴慤慴慢敳映牯愠楬獡✠敤慦汵❴⸮മ਍⹅൅㴊㴽㴽㴽㴽㴽㴽㴽㴽㴽㴽㴽㴽㴽㴽㴽㴽㴽㴽㴽㴽㴽㴽㴽㴽㴽㴽㴽㴽㴽㴽㴽㴽㴽㴽ഽ䔊剒剏›整瑳损浯汰楡瑮獟扵業獳潩⁮挨浯汰楡瑮⹳整瑳⹳潃灭慬湩呴獥獴琮獥彴潣灭慬湩彴畳浢獩楳湯ഩⴊⴭⴭⴭⴭⴭⴭⴭⴭⴭⴭⴭⴭⴭⴭⴭⴭⴭⴭⴭⴭⴭⴭⴭⴭⴭⴭⴭⴭⴭⴭⴭⴭⴭⴭഭ吊慲散慢正⠠潭瑳爠捥湥⁴慣汬氠獡⥴ഺ 䘠汩⁥䔢尺牐橯捥硴捜浯汰楡瑮屳整瑳⹳祰Ⱒ氠湩⁥ㄴ‬湩琠獥彴潣灭慬湩彴畳浢獩楳湯਍††敳晬愮獳牥呴畲⡥⹣敤慰瑲敭瑮椠⁳潎敮漠⁲⹣敤慰瑲敭瑮渮浡⁥湩嬠圧瑡牥Ⱗ✠汅捥牴捩瑩❹⥝਍††††††††††幞幞幞幞幞幞਍瑁牴扩瑵䕥牲牯›䌧浯汰楡瑮‧扯敪瑣栠獡渠⁯瑡牴扩瑵⁥搧灥牡浴湥❴਍਍㴽㴽㴽㴽㴽㴽㴽㴽㴽㴽㴽㴽㴽㴽㴽㴽㴽㴽㴽㴽㴽㴽㴽㴽㴽㴽㴽㴽㴽㴽㴽㴽㴽㴽㴽਍剅佒㩒琠獥彴牰摥捩彴敤慰瑲敭瑮⠠潣灭慬湩獴琮獥獴䌮浯汰楡瑮敔瑳⹳整瑳灟敲楤瑣摟灥牡浴湥⥴਍ⴭⴭⴭⴭⴭⴭⴭⴭⴭⴭⴭⴭⴭⴭⴭⴭⴭⴭⴭⴭⴭⴭⴭⴭⴭⴭⴭⴭⴭⴭⴭⴭⴭⴭⴭ਍牔捡扥捡⁫洨獯⁴敲散瑮挠污⁬慬瑳㨩਍†楆敬∠㩅停潲敪瑣屸潣灭慬湩獴瑜獥獴瀮≹‬楬敮㈠ⰶ椠⁮整瑳灟敲楤瑣摟灥牡浴湥൴ †猠汥⹦獡敳瑲湉搨灥⹴慮敭‬❛汅捥牴捩瑩❹‬圧瑡牥Ⱗ✠潒摡Ⱗ✠慇扲条❥‬倧扵楬⁣慓敦祴崧ഩ ††††††††帠幞幞幞幞਍瑁牴扩瑵䕥牲牯›氧獩❴漠橢捥⁴慨⁳潮愠瑴楲畢整✠慮敭ധഊⴊⴭⴭⴭⴭⴭⴭⴭⴭⴭⴭⴭⴭⴭⴭⴭⴭⴭⴭⴭⴭⴭⴭⴭⴭⴭⴭⴭⴭⴭⴭⴭⴭⴭⴭഭ刊湡㌠琠獥獴椠⁮⸳㐲猴਍਍䅆䱉䑅⠠牥潲獲㈽ഩ䐊獥牴祯湩⁧整瑳搠瑡扡獡⁥潦⁲污慩⁳搧晥畡瑬⸧⸮഍䘊畯摮㌠琠獥⡴⥳മ匊獹整⁭档捥⁫摩湥楴楦摥渠⁯獩畳獥⠠‰楳敬据摥⸩਍